/docker-entrypoint.sh: /docker-entrypoint.d/ is not empty, will attempt to perform configuration
/docker-entrypoint.sh: Looking for shell scripts in /docker-entrypoint.d/
/docker-entrypoint.sh: Launching /docker-entrypoint.d/10-listen-on-ipv6-by-default.sh
10-listen-on-ipv6-by-default.sh: info: Getting the checksum of /etc/nginx/conf.d/default.conf
10-listen-on-ipv6-by-default.sh: info: Enabled listen on IPv6 in /etc/nginx/conf.d/default.conf
/docker-entrypoint.sh: Sourcing /docker-entrypoint.d/15-local-resolvers.envsh
/docker-entrypoint.sh: Launching /docker-entrypoint.d/20-envsubst-on-templates.sh
/docker-entrypoint.sh: Launching /docker-entrypoint.d/30-tune-worker-processes.sh
/docker-entrypoint.sh: Configuration complete; ready for start up
109.252.64.186 - - [14/May/2025:19:52:47 +0000] "GET / HTTP/1.1" 200 2287 "-" "Mozilla/5.0 (Windows NT 10.0; Win64; x64) AppleWebKit/537.36 (KHTML, like Gecko) Chrome/136.0.0.0 Safari/537.36"
109.252.64.186 - - [14/May/2025:19:52:47 +0000] "GET /static/css/logreg.css HTTP/1.1" 304 0 "https://yumlschool.ru/" "Mozilla/5.0 (Windows NT 10.0; Win64; x64) AppleWebKit/537.36 (KHTML, like Gecko) Chrome/136.0.0.0 Safari/537.36"
94.142.138.250 - - [14/May/2025:19:52:55 +0000] "POST /logout/ HTTP/1.1" 302 0 "https://yumlschool.ru/practical_work/2/" "Mozilla/5.0 (Windows NT 10.0; Win64; x64) AppleWebKit/537.36 (KHTML, like Gecko) Chrome/136.0.0.0 Safari/537.36"
94.142.138.250 - - [14/May/2025:19:52:56 +0000] "GET / HTTP/1.1" 200 2287 "https://yumlschool.ru/practical_work/2/" "Mozilla/5.0 (Windows NT 10.0; Win64; x64) AppleWebKit/537.36 (KHTML, like Gecko) Chrome/136.0.0.0 Safari/537.36"
94.142.138.250 - - [14/May/2025:19:52:56 +0000] "GET /static/css/logreg.css HTTP/1.1" 304 0 "https://yumlschool.ru/" "Mozilla/5.0 (Windows NT 10.0; Win64; x64) AppleWebKit/537.36 (KHTML, like Gecko) Chrome/136.0.0.0 Safari/537.36"
94.142.138.250 - - [14/May/2025:19:52:56 +0000] "GET /favicon.ico HTTP/1.1" 404 8201 "https://yumlschool.ru/" "Mozilla/5.0 (Windows NT 10.0; Win64; x64) AppleWebKit/537.36 (KHTML, like Gecko) Chrome/136.0.0.0 Safari/537.36"
94.142.138.250 - - [14/May/2025:19:52:57 +0000] "GET /favicon.ico HTTP/1.1" 404 8201 "-" "WinHTTP Example/1.0"
192.168.112.1 - - [14/May/2025:19:53:03 +0000] "GET /api/Users HTTP/1.1" 200 802 "-" "python-requests/2.32.3"
94.142.138.250 - - [14/May/2025:19:53:03 +0000] "POST / HTTP/1.1" 302 0 "https://yumlschool.ru/" "Mozilla/5.0 (Windows NT 10.0; Win64; x64) AppleWebKit/537.36 (KHTML, like Gecko) Chrome/136.0.0.0 Safari/537.36"
192.168.112.1 - - [14/May/2025:19:53:03 +0000] "GET /api/Subjects HTTP/1.1" 200 104 "-" "python-requests/2.32.3"
192.168.112.1 - - [14/May/2025:19:53:03 +0000] "GET /api/Groups HTTP/1.1" 200 334 "-" "python-requests/2.32.3"
192.168.112.1 - - [14/May/2025:19:53:03 +0000] "GET /api/Users HTTP/1.1" 200 802 "-" "python-requests/2.32.3"
94.142.138.250 - - [14/May/2025:19:53:03 +0000] "GET /subjects/ HTTP/1.1" 200 11334 "https://yumlschool.ru/" "Mozilla/5.0 (Windows NT 10.0; Win64; x64) AppleWebKit/537.36 (KHTML, like Gecko) Chrome/136.0.0.0 Safari/537.36"
94.142.138.250 - - [14/May/2025:19:53:03 +0000] "GET /static/css/base.css HTTP/1.1" 304 0 "https://yumlschool.ru/subjects/" "Mozilla/5.0 (Windows NT 10.0; Win64; x64) AppleWebKit/537.36 (KHTML, like Gecko) Chrome/136.0.0.0 Safari/537.36"
94.142.138.250 - - [14/May/2025:19:53:03 +0000] "GET /static/css/AllSubjectPage.css HTTP/1.1" 304 0 "https://yumlschool.ru/subjects/" "Mozilla/5.0 (Windows NT 10.0; Win64; x64) AppleWebKit/537.36 (KHTML, like Gecko) Chrome/136.0.0.0 Safari/537.36"
94.142.138.250 - - [14/May/2025:19:53:04 +0000] "GET /static/js/confirmations.js HTTP/1.1" 304 0 "https://yumlschool.ru/subjects/" "Mozilla/5.0 (Windows NT 10.0; Win64; x64) AppleWebKit/537.36 (KHTML, like Gecko) Chrome/136.0.0.0 Safari/537.36"
192.168.112.1 - - [14/May/2025:19:53:05 +0000] "GET /api/Subjects/1 HTTP/1.1" 200 102 "-" "python-requests/2.32.3"
192.168.112.1 - - [14/May/2025:19:53:05 +0000] "GET /api/Groups/3 HTTP/1.1" 200 49 "-" "python-requests/2.32.3"
192.168.112.1 - - [14/May/2025:19:53:05 +0000] "GET /api/Users HTTP/1.1" 200 802 "-" "python-requests/2.32.3"
192.168.112.1 - - [14/May/2025:19:53:05 +0000] "GET /api/LectionMaterials HTTP/1.1" 200 12 "-" "python-requests/2.32.3"
192.168.112.1 - - [14/May/2025:19:53:05 +0000] "GET /api/PracticalWorks HTTP/1.1" 200 809 "-" "python-requests/2.32.3"
192.168.112.1 - - [14/May/2025:19:53:05 +0000] "GET /api/Tests HTTP/1.1" 200 171 "-" "python-requests/2.32.3"
192.168.112.1 - - [14/May/2025:19:53:05 +0000] "GET /api/Users/2 HTTP/1.1" 200 287 "-" "python-requests/2.32.3"
94.142.138.250 - - [14/May/2025:19:53:05 +0000] "GET /subject/1/ HTTP/1.1" 200 11125 "https://yumlschool.ru/subjects/" "Mozilla/5.0 (Windows NT 10.0; Win64; x64) AppleWebKit/537.36 (KHTML, like Gecko) Chrome/136.0.0.0 Safari/537.36"
94.142.138.250 - - [14/May/2025:19:53:06 +0000] "GET /static/css/SubjectPage.css HTTP/1.1" 304 0 "https://yumlschool.ru/subject/1/" "Mozilla/5.0 (Windows NT 10.0; Win64; x64) AppleWebKit/537.36 (KHTML, like Gecko) Chrome/136.0.0.0 Safari/537.36"
192.168.112.1 - - [14/May/2025:19:53:08 +0000] "GET /api/PracticalWorks/2 HTTP/1.1" 200 406 "-" "python-requests/2.32.3"
192.168.112.1 - - [14/May/2025:19:53:08 +0000] "GET /api/Subjects/1 HTTP/1.1" 200 102 "-" "python-requests/2.32.3"
192.168.112.1 - - [14/May/2025:19:53:08 +0000] "GET /api/CompletedWorks HTTP/1.1" 200 1451 "-" "python-requests/2.32.3"
192.168.112.1 - - [14/May/2025:19:53:08 +0000] "GET /api/Users HTTP/1.1" 200 802 "-" "python-requests/2.32.3"
94.142.138.250 - - [14/May/2025:19:53:08 +0000] "GET /practical_work/2/ HTTP/1.1" 200 27740 "https://yumlschool.ru/subject/1/" "Mozilla/5.0 (Windows NT 10.0; Win64; x64) AppleWebKit/537.36 (KHTML, like Gecko) Chrome/136.0.0.0 Safari/537.36"
94.142.138.250 - - [14/May/2025:19:53:08 +0000] "GET /static/css/PracticalWork.css HTTP/1.1" 304 0 "https://yumlschool.ru/practical_work/2/" "Mozilla/5.0 (Windows NT 10.0; Win64; x64) AppleWebKit/537.36 (KHTML, like Gecko) Chrome/136.0.0.0 Safari/537.36"
192.168.112.1 - - [14/May/2025:19:53:10 +0000] "GET /api/PracticalWorks/2 HTTP/1.1" 200 406 "-" "python-requests/2.32.3"
192.168.112.1 - - [14/May/2025:19:53:10 +0000] "GET /api/Subjects/1 HTTP/1.1" 200 102 "-" "python-requests/2.32.3"
192.168.112.1 - - [14/May/2025:19:53:10 +0000] "GET /api/Groups/3 HTTP/1.1" 200 49 "-" "python-requests/2.32.3"
192.168.112.1 - - [14/May/2025:19:53:10 +0000] "GET /api/PracticalWorks/2/completed HTTP/1.1" 200 773 "-" "python-requests/2.32.3"
94.142.138.250 - - [14/May/2025:19:53:10 +0000] "GET /practical-work/2/export-performance/ HTTP/1.1" 500 143758 "https://yumlschool.ru/practical_work/2/" "Mozilla/5.0 (Windows NT 10.0; Win64; x64) AppleWebKit/537.36 (KHTML, like Gecko) Chrome/136.0.0.0 Safari/537.36"
192.168.112.1 - - [14/May/2025:19:53:23 +0000] "GET /api/PracticalWorks/2 HTTP/1.1" 200 406 "-" "python-requests/2.32.3"
192.168.112.1 - - [14/May/2025:19:53:23 +0000] "GET /api/Subjects/1 HTTP/1.1" 200 102 "-" "python-requests/2.32.3"
192.168.112.1 - - [14/May/2025:19:53:23 +0000] "GET /api/Groups/3 HTTP/1.1" 200 49 "-" "python-requests/2.32.3"
192.168.112.1 - - [14/May/2025:19:53:23 +0000] "GET /api/PracticalWorks/2/completed HTTP/1.1" 200 773 "-" "python-requests/2.32.3"
149.154.161.198 - - [14/May/2025:19:53:23 +0000] "GET /practical-work/2/export-performance/ HTTP/1.1" 500 137645 "-" "TelegramBot (like TwitterBot)"
77.110.105.199 - - [14/May/2025:19:53:24 +0000] "GET / HTTP/1.1" 200 2287 "-" "python-requests/2.32.3"
77.110.105.199 - - [14/May/2025:19:53:24 +0000] "GET /api/users HTTP/1.1" 200 802 "-" "python-requests/2.32.3"
77.110.105.199 - - [14/May/2025:19:54:24 +0000] "GET / HTTP/1.1" 200 2287 "-" "python-requests/2.32.3"
77.110.105.199 - - [14/May/2025:19:54:24 +0000] "GET /api/users HTTP/1.1" 200 802 "-" "python-requests/2.32.3"
77.110.105.199 - - [14/May/2025:19:55:24 +0000] "GET / HTTP/1.1" 200 2287 "-" "python-requests/2.32.3"
77.110.105.199 - - [14/May/2025:19:55:24 +0000] "GET /api/users HTTP/1.1" 200 802 "-" "python-requests/2.32.3"
