192.168.16.1 - - [14/May/2025:18:25:38 +0000] "GET /api/CompletedWorks HTTP/1.1" 200 664 "-" "python-requests/2.32.3"
192.168.16.1 - - [14/May/2025:18:25:38 +0000] "GET /api/Users HTTP/1.1" 200 807 "-" "python-requests/2.32.3"
94.142.138.250 - - [14/May/2025:18:25:38 +0000] "GET /practical_work/1/ HTTP/1.1" 200 25601 "https://yumlschool.ru/subject/1/" "Mozilla/5.0 (Windows NT 10.0; Win64; x64) AppleWebKit/537.36 (KHTML, like Gecko) Chrome/136.0.0.0 Safari/537.36"
94.142.138.250 - - [14/May/2025:18:25:41 +0000] "POST /logout/ HTTP/1.1" 302 0 "https://yumlschool.ru/practical_work/1/" "Mozilla/5.0 (Windows NT 10.0; Win64; x64) AppleWebKit/537.36 (KHTML, like Gecko) Chrome/136.0.0.0 Safari/537.36"
94.142.138.250 - - [14/May/2025:18:25:41 +0000] "GET / HTTP/1.1" 200 2287 "https://yumlschool.ru/practical_work/1/" "Mozilla/5.0 (Windows NT 10.0; Win64; x64) AppleWebKit/537.36 (KHTML, like Gecko) Chrome/136.0.0.0 Safari/537.36"
94.142.138.250 - - [14/May/2025:18:25:41 +0000] "GET /static/css/logreg.css HTTP/1.1" 304 0 "https://yumlschool.ru/" "Mozilla/5.0 (Windows NT 10.0; Win64; x64) AppleWebKit/537.36 (KHTML, like Gecko) Chrome/136.0.0.0 Safari/537.36"
94.142.138.250 - - [14/May/2025:18:25:41 +0000] "GET /favicon.ico HTTP/1.1" 404 8201 "https://yumlschool.ru/" "Mozilla/5.0 (Windows NT 10.0; Win64; x64) AppleWebKit/537.36 (KHTML, like Gecko) Chrome/136.0.0.0 Safari/537.36"
94.142.138.250 - - [14/May/2025:18:25:41 +0000] "GET /favicon.ico HTTP/1.1" 404 8201 "-" "WinHTTP Example/1.0"
192.168.16.1 - - [14/May/2025:18:25:46 +0000] "GET /api/Users HTTP/1.1" 200 807 "-" "python-requests/2.32.3"
94.142.138.250 - - [14/May/2025:18:25:46 +0000] "POST / HTTP/1.1" 302 0 "https://yumlschool.ru/" "Mozilla/5.0 (Windows NT 10.0; Win64; x64) AppleWebKit/537.36 (KHTML, like Gecko) Chrome/136.0.0.0 Safari/537.36"
192.168.16.1 - - [14/May/2025:18:25:46 +0000] "GET /api/Subjects HTTP/1.1" 200 104 "-" "python-requests/2.32.3"
192.168.16.1 - - [14/May/2025:18:25:46 +0000] "GET /api/Groups HTTP/1.1" 200 334 "-" "python-requests/2.32.3"
192.168.16.1 - - [14/May/2025:18:25:46 +0000] "GET /api/Users HTTP/1.1" 200 807 "-" "python-requests/2.32.3"
94.142.138.250 - - [14/May/2025:18:25:46 +0000] "GET /subjects/ HTTP/1.1" 200 11324 "https://yumlschool.ru/" "Mozilla/5.0 (Windows NT 10.0; Win64; x64) AppleWebKit/537.36 (KHTML, like Gecko) Chrome/136.0.0.0 Safari/537.36"
192.168.16.1 - - [14/May/2025:18:25:47 +0000] "GET /api/Subjects/1 HTTP/1.1" 200 102 "-" "python-requests/2.32.3"
192.168.16.1 - - [14/May/2025:18:25:47 +0000] "GET /api/Groups/3 HTTP/1.1" 200 49 "-" "python-requests/2.32.3"
192.168.16.1 - - [14/May/2025:18:25:47 +0000] "GET /api/Users HTTP/1.1" 200 807 "-" "python-requests/2.32.3"
192.168.16.1 - - [14/May/2025:18:25:47 +0000] "GET /api/LectionMaterials HTTP/1.1" 200 12 "-" "python-requests/2.32.3"
192.168.16.1 - - [14/May/2025:18:25:47 +0000] "GET /api/PracticalWorks HTTP/1.1" 200 451 "-" "python-requests/2.32.3"
192.168.16.1 - - [14/May/2025:18:25:47 +0000] "GET /api/Tests HTTP/1.1" 200 417 "-" "python-requests/2.32.3"
192.168.16.1 - - [14/May/2025:18:25:47 +0000] "GET /api/Users/2 HTTP/1.1" 200 277 "-" "python-requests/2.32.3"
94.142.138.250 - - [14/May/2025:18:25:47 +0000] "GET /subject/1/ HTTP/1.1" 200 11149 "https://yumlschool.ru/subjects/" "Mozilla/5.0 (Windows NT 10.0; Win64; x64) AppleWebKit/537.36 (KHTML, like Gecko) Chrome/136.0.0.0 Safari/537.36"
45.80.158.251 - - [14/May/2025:18:25:48 +0000] "GET /.env HTTP/1.1" 301 169 "-" "Mozilla/5.0 (Macintosh; Intel Mac OS X 10.15; rv:77.0) Gecko/20100101 Firefox/77.0"
192.168.16.1 - - [14/May/2025:18:25:49 +0000] "GET /api/PracticalWorks/1 HTTP/1.1" 200 449 "-" "python-requests/2.32.3"
192.168.16.1 - - [14/May/2025:18:25:49 +0000] "GET /api/Subjects/1 HTTP/1.1" 200 102 "-" "python-requests/2.32.3"
192.168.16.1 - - [14/May/2025:18:25:49 +0000] "GET /api/CompletedWorks HTTP/1.1" 200 664 "-" "python-requests/2.32.3"
192.168.16.1 - - [14/May/2025:18:25:49 +0000] "GET /api/Users HTTP/1.1" 200 807 "-" "python-requests/2.32.3"
94.142.138.250 - - [14/May/2025:18:25:49 +0000] "GET /practical_work/1/ HTTP/1.1" 200 27475 "https://yumlschool.ru/subject/1/" "Mozilla/5.0 (Windows NT 10.0; Win64; x64) AppleWebKit/537.36 (KHTML, like Gecko) Chrome/136.0.0.0 Safari/537.36"
192.168.16.1 - - [14/May/2025:18:25:55 +0000] "GET /api/Users/3 HTTP/1.1" 200 280 "-" "python-requests/2.32.3"
192.168.16.1 - - [14/May/2025:18:25:55 +0000] "GET /api/CompletedWorks HTTP/1.1" 200 664 "-" "python-requests/2.32.3"
192.168.16.1 - - [14/May/2025:18:25:55 +0000] "GET /api/Status HTTP/1.1" 200 94 "-" "python-requests/2.32.3"
192.168.16.1 - - [14/May/2025:18:25:55 +0000] "PUT /api/CompletedWorks/2 HTTP/1.1" 204 0 "-" "python-requests/2.32.3"
94.142.138.250 - - [14/May/2025:18:25:55 +0000] "POST /practical_work/1/grade/3/ HTTP/1.1" 302 0 "https://yumlschool.ru/practical_work/1/" "Mozilla/5.0 (Windows NT 10.0; Win64; x64) AppleWebKit/537.36 (KHTML, like Gecko) Chrome/136.0.0.0 Safari/537.36"
192.168.16.1 - - [14/May/2025:18:25:55 +0000] "GET /api/PracticalWorks/1 HTTP/1.1" 200 449 "-" "python-requests/2.32.3"
192.168.16.1 - - [14/May/2025:18:25:56 +0000] "GET /api/Subjects/1 HTTP/1.1" 200 102 "-" "python-requests/2.32.3"
192.168.16.1 - - [14/May/2025:18:25:56 +0000] "GET /api/CompletedWorks HTTP/1.1" 200 644 "-" "python-requests/2.32.3"
192.168.16.1 - - [14/May/2025:18:25:56 +0000] "GET /api/Users HTTP/1.1" 200 807 "-" "python-requests/2.32.3"
94.142.138.250 - - [14/May/2025:18:25:56 +0000] "GET /practical_work/1/ HTTP/1.1" 200 27717 "https://yumlschool.ru/practical_work/1/" "Mozilla/5.0 (Windows NT 10.0; Win64; x64) AppleWebKit/537.36 (KHTML, like Gecko) Chrome/136.0.0.0 Safari/537.36"
176.65.143.182 - - [14/May/2025:18:26:01 +0000] "POST /boaform/admin/formLogin HTTP/1.1" 301 169 "http://77.110.105.199:80/admin/login.asp" "Mozilla/5.0 (X11; Ubuntu; Linux x86_64; rv:71.0) Gecko/20100101 Firefox/71.0"
176.65.143.182 - - [14/May/2025:18:26:01 +0000] "" 400 0 "-" "-"
94.142.138.250 - - [14/May/2025:18:26:02 +0000] "POST /logout/ HTTP/1.1" 302 0 "https://yumlschool.ru/practical_work/1/" "Mozilla/5.0 (Windows NT 10.0; Win64; x64) AppleWebKit/537.36 (KHTML, like Gecko) Chrome/136.0.0.0 Safari/537.36"
94.142.138.250 - - [14/May/2025:18:26:02 +0000] "GET / HTTP/1.1" 200 2287 "https://yumlschool.ru/practical_work/1/" "Mozilla/5.0 (Windows NT 10.0; Win64; x64) AppleWebKit/537.36 (KHTML, like Gecko) Chrome/136.0.0.0 Safari/537.36"
94.142.138.250 - - [14/May/2025:18:26:03 +0000] "GET /favicon.ico HTTP/1.1" 404 8201 "https://yumlschool.ru/" "Mozilla/5.0 (Windows NT 10.0; Win64; x64) AppleWebKit/537.36 (KHTML, like Gecko) Chrome/136.0.0.0 Safari/537.36"
94.142.138.250 - - [14/May/2025:18:26:03 +0000] "GET /favicon.ico HTTP/1.1" 404 8201 "-" "WinHTTP Example/1.0"
192.168.16.1 - - [14/May/2025:18:26:09 +0000] "GET /api/Users HTTP/1.1" 200 807 "-" "python-requests/2.32.3"
94.142.138.250 - - [14/May/2025:18:26:10 +0000] "POST / HTTP/1.1" 302 0 "https://yumlschool.ru/" "Mozilla/5.0 (Windows NT 10.0; Win64; x64) AppleWebKit/537.36 (KHTML, like Gecko) Chrome/136.0.0.0 Safari/537.36"
192.168.16.1 - - [14/May/2025:18:26:10 +0000] "GET /api/Subjects HTTP/1.1" 200 104 "-" "python-requests/2.32.3"
192.168.16.1 - - [14/May/2025:18:26:10 +0000] "GET /api/Users/3 HTTP/1.1" 200 280 "-" "python-requests/2.32.3"
192.168.16.1 - - [14/May/2025:18:26:10 +0000] "GET /api/Groups HTTP/1.1" 200 334 "-" "python-requests/2.32.3"
192.168.16.1 - - [14/May/2025:18:26:10 +0000] "GET /api/Users HTTP/1.1" 200 807 "-" "python-requests/2.32.3"
94.142.138.250 - - [14/May/2025:18:26:10 +0000] "GET /subjects/ HTTP/1.1" 200 11187 "https://yumlschool.ru/" "Mozilla/5.0 (Windows NT 10.0; Win64; x64) AppleWebKit/537.36 (KHTML, like Gecko) Chrome/136.0.0.0 Safari/537.36"
94.142.138.250 - - [14/May/2025:18:26:10 +0000] "GET /static/css/base.css HTTP/1.1" 304 0 "https://yumlschool.ru/subjects/" "Mozilla/5.0 (Windows NT 10.0; Win64; x64) AppleWebKit/537.36 (KHTML, like Gecko) Chrome/136.0.0.0 Safari/537.36"
94.142.138.250 - - [14/May/2025:18:26:10 +0000] "GET /static/css/AllSubjectPage.css HTTP/1.1" 304 0 "https://yumlschool.ru/subjects/" "Mozilla/5.0 (Windows NT 10.0; Win64; x64) AppleWebKit/537.36 (KHTML, like Gecko) Chrome/136.0.0.0 Safari/537.36"
94.142.138.250 - - [14/May/2025:18:26:10 +0000] "GET /static/js/confirmations.js HTTP/1.1" 304 0 "https://yumlschool.ru/subjects/" "Mozilla/5.0 (Windows NT 10.0; Win64; x64) AppleWebKit/537.36 (KHTML, like Gecko) Chrome/136.0.0.0 Safari/537.36"
192.168.16.1 - - [14/May/2025:18:26:11 +0000] "GET /api/Subjects/1 HTTP/1.1" 200 102 "-" "python-requests/2.32.3"
192.168.16.1 - - [14/May/2025:18:26:11 +0000] "GET /api/Groups/3 HTTP/1.1" 200 49 "-" "python-requests/2.32.3"
192.168.16.1 - - [14/May/2025:18:26:11 +0000] "GET /api/Users HTTP/1.1" 200 807 "-" "python-requests/2.32.3"
192.168.16.1 - - [14/May/2025:18:26:11 +0000] "GET /api/LectionMaterials HTTP/1.1" 200 12 "-" "python-requests/2.32.3"
192.168.16.1 - - [14/May/2025:18:26:11 +0000] "GET /api/PracticalWorks HTTP/1.1" 200 451 "-" "python-requests/2.32.3"
192.168.16.1 - - [14/May/2025:18:26:11 +0000] "GET /api/Tests HTTP/1.1" 200 417 "-" "python-requests/2.32.3"
192.168.16.1 - - [14/May/2025:18:26:11 +0000] "GET /api/Users/2 HTTP/1.1" 200 277 "-" "python-requests/2.32.3"
94.142.138.250 - - [14/May/2025:18:26:11 +0000] "GET /subject/1/ HTTP/1.1" 200 10487 "https://yumlschool.ru/subjects/" "Mozilla/5.0 (Windows NT 10.0; Win64; x64) AppleWebKit/537.36 (KHTML, like Gecko) Chrome/136.0.0.0 Safari/537.36"
94.142.138.250 - - [14/May/2025:18:26:12 +0000] "GET /static/css/SubjectPage.css HTTP/1.1" 304 0 "https://yumlschool.ru/subject/1/" "Mozilla/5.0 (Windows NT 10.0; Win64; x64) AppleWebKit/537.36 (KHTML, like Gecko) Chrome/136.0.0.0 Safari/537.36"
192.168.16.1 - - [14/May/2025:18:26:14 +0000] "GET /api/PracticalWorks/1 HTTP/1.1" 200 449 "-" "python-requests/2.32.3"
192.168.16.1 - - [14/May/2025:18:26:14 +0000] "GET /api/Subjects/1 HTTP/1.1" 200 102 "-" "python-requests/2.32.3"
192.168.16.1 - - [14/May/2025:18:26:14 +0000] "GET /api/CompletedWorks HTTP/1.1" 200 644 "-" "python-requests/2.32.3"
192.168.16.1 - - [14/May/2025:18:26:14 +0000] "GET /api/Users HTTP/1.1" 200 807 "-" "python-requests/2.32.3"
94.142.138.250 - - [14/May/2025:18:26:14 +0000] "GET /practical_work/1/ HTTP/1.1" 200 25741 "https://yumlschool.ru/subject/1/" "Mozilla/5.0 (Windows NT 10.0; Win64; x64) AppleWebKit/537.36 (KHTML, like Gecko) Chrome/136.0.0.0 Safari/537.36"
94.142.138.250 - - [14/May/2025:18:26:14 +0000] "GET /static/css/PracticalWork.css HTTP/1.1" 304 0 "https://yumlschool.ru/practical_work/1/" "Mozilla/5.0 (Windows NT 10.0; Win64; x64) AppleWebKit/537.36 (KHTML, like Gecko) Chrome/136.0.0.0 Safari/537.36"
94.142.138.250 - - [14/May/2025:18:26:19 +0000] "POST /logout/ HTTP/1.1" 302 0 "https://yumlschool.ru/practical_work/1/" "Mozilla/5.0 (Windows NT 10.0; Win64; x64) AppleWebKit/537.36 (KHTML, like Gecko) Chrome/136.0.0.0 Safari/537.36"
94.142.138.250 - - [14/May/2025:18:26:19 +0000] "GET / HTTP/1.1" 200 2287 "https://yumlschool.ru/practical_work/1/" "Mozilla/5.0 (Windows NT 10.0; Win64; x64) AppleWebKit/537.36 (KHTML, like Gecko) Chrome/136.0.0.0 Safari/537.36"
94.142.138.250 - - [14/May/2025:18:26:19 +0000] "GET /favicon.ico HTTP/1.1" 404 8201 "https://yumlschool.ru/" "Mozilla/5.0 (Windows NT 10.0; Win64; x64) AppleWebKit/537.36 (KHTML, like Gecko) Chrome/136.0.0.0 Safari/537.36"
94.142.138.250 - - [14/May/2025:18:26:20 +0000] "GET /favicon.ico HTTP/1.1" 404 8201 "-" "WinHTTP Example/1.0"
77.110.105.199 - - [14/May/2025:18:26:24 +0000] "GET / HTTP/1.1" 200 2287 "-" "python-requests/2.32.3"
77.110.105.199 - - [14/May/2025:18:26:24 +0000] "GET /api/users HTTP/1.1" 200 807 "-" "python-requests/2.32.3"
192.168.16.1 - - [14/May/2025:18:26:28 +0000] "GET /api/Users HTTP/1.1" 200 807 "-" "python-requests/2.32.3"
94.142.138.250 - - [14/May/2025:18:26:28 +0000] "POST / HTTP/1.1" 302 0 "https://yumlschool.ru/" "Mozilla/5.0 (Windows NT 10.0; Win64; x64) AppleWebKit/537.36 (KHTML, like Gecko) Chrome/136.0.0.0 Safari/537.36"
192.168.16.1 - - [14/May/2025:18:26:28 +0000] "GET /api/Subjects HTTP/1.1" 200 104 "-" "python-requests/2.32.3"
192.168.16.1 - - [14/May/2025:18:26:28 +0000] "GET /api/Users/3 HTTP/1.1" 200 280 "-" "python-requests/2.32.3"
192.168.16.1 - - [14/May/2025:18:26:28 +0000] "GET /api/Groups HTTP/1.1" 200 334 "-" "python-requests/2.32.3"
192.168.16.1 - - [14/May/2025:18:26:28 +0000] "GET /api/Users HTTP/1.1" 200 807 "-" "python-requests/2.32.3"
94.142.138.250 - - [14/May/2025:18:26:28 +0000] "GET /subjects/ HTTP/1.1" 200 11187 "https://yumlschool.ru/" "Mozilla/5.0 (Windows NT 10.0; Win64; x64) AppleWebKit/537.36 (KHTML, like Gecko) Chrome/136.0.0.0 Safari/537.36"
192.168.16.1 - - [14/May/2025:18:26:29 +0000] "GET /api/Subjects/1 HTTP/1.1" 200 102 "-" "python-requests/2.32.3"
192.168.16.1 - - [14/May/2025:18:26:29 +0000] "GET /api/Groups/3 HTTP/1.1" 200 49 "-" "python-requests/2.32.3"
192.168.16.1 - - [14/May/2025:18:26:29 +0000] "GET /api/Users HTTP/1.1" 200 807 "-" "python-requests/2.32.3"
192.168.16.1 - - [14/May/2025:18:26:29 +0000] "GET /api/LectionMaterials HTTP/1.1" 200 12 "-" "python-requests/2.32.3"
192.168.16.1 - - [14/May/2025:18:26:29 +0000] "GET /api/PracticalWorks HTTP/1.1" 200 451 "-" "python-requests/2.32.3"
192.168.16.1 - - [14/May/2025:18:26:29 +0000] "GET /api/Tests HTTP/1.1" 200 417 "-" "python-requests/2.32.3"
192.168.16.1 - - [14/May/2025:18:26:30 +0000] "GET /api/Users/2 HTTP/1.1" 200 277 "-" "python-requests/2.32.3"
94.142.138.250 - - [14/May/2025:18:26:30 +0000] "GET /subject/1/ HTTP/1.1" 200 10487 "https://yumlschool.ru/subjects/" "Mozilla/5.0 (Windows NT 10.0; Win64; x64) AppleWebKit/537.36 (KHTML, like Gecko) Chrome/136.0.0.0 Safari/537.36"
192.168.16.1 - - [14/May/2025:18:26:31 +0000] "GET /api/PracticalWorks/1 HTTP/1.1" 200 449 "-" "python-requests/2.32.3"
192.168.16.1 - - [14/May/2025:18:26:31 +0000] "GET /api/Subjects/1 HTTP/1.1" 200 102 "-" "python-requests/2.32.3"
192.168.16.1 - - [14/May/2025:18:26:31 +0000] "GET /api/CompletedWorks HTTP/1.1" 200 644 "-" "python-requests/2.32.3"
192.168.16.1 - - [14/May/2025:18:26:31 +0000] "GET /api/Users HTTP/1.1" 200 807 "-" "python-requests/2.32.3"
94.142.138.250 - - [14/May/2025:18:26:31 +0000] "GET /practical_work/1/ HTTP/1.1" 200 25741 "https://yumlschool.ru/subject/1/" "Mozilla/5.0 (Windows NT 10.0; Win64; x64) AppleWebKit/537.36 (KHTML, like Gecko) Chrome/136.0.0.0 Safari/537.36"
94.142.138.250 - - [14/May/2025:18:26:34 +0000] "POST /logout/ HTTP/1.1" 302 0 "https://yumlschool.ru/practical_work/1/" "Mozilla/5.0 (Windows NT 10.0; Win64; x64) AppleWebKit/537.36 (KHTML, like Gecko) Chrome/136.0.0.0 Safari/537.36"
94.142.138.250 - - [14/May/2025:18:26:34 +0000] "GET / HTTP/1.1" 200 2287 "https://yumlschool.ru/practical_work/1/" "Mozilla/5.0 (Windows NT 10.0; Win64; x64) AppleWebKit/537.36 (KHTML, like Gecko) Chrome/136.0.0.0 Safari/537.36"
94.142.138.250 - - [14/May/2025:18:26:34 +0000] "GET /favicon.ico HTTP/1.1" 404 8201 "https://yumlschool.ru/" "Mozilla/5.0 (Windows NT 10.0; Win64; x64) AppleWebKit/537.36 (KHTML, like Gecko) Chrome/136.0.0.0 Safari/537.36"
94.142.138.250 - - [14/May/2025:18:26:35 +0000] "GET /favicon.ico HTTP/1.1" 404 8201 "-" "WinHTTP Example/1.0"
192.168.16.1 - - [14/May/2025:18:26:40 +0000] "GET /api/Users HTTP/1.1" 200 807 "-" "python-requests/2.32.3"
94.142.138.250 - - [14/May/2025:18:26:40 +0000] "POST / HTTP/1.1" 302 0 "https://yumlschool.ru/" "Mozilla/5.0 (Windows NT 10.0; Win64; x64) AppleWebKit/537.36 (KHTML, like Gecko) Chrome/136.0.0.0 Safari/537.36"
192.168.16.1 - - [14/May/2025:18:26:40 +0000] "GET /api/Subjects HTTP/1.1" 200 104 "-" "python-requests/2.32.3"
192.168.16.1 - - [14/May/2025:18:26:40 +0000] "GET /api/Groups HTTP/1.1" 200 334 "-" "python-requests/2.32.3"
192.168.16.1 - - [14/May/2025:18:26:40 +0000] "GET /api/Users HTTP/1.1" 200 807 "-" "python-requests/2.32.3"
94.142.138.250 - - [14/May/2025:18:26:40 +0000] "GET /subjects/ HTTP/1.1" 200 11324 "https://yumlschool.ru/" "Mozilla/5.0 (Windows NT 10.0; Win64; x64) AppleWebKit/537.36 (KHTML, like Gecko) Chrome/136.0.0.0 Safari/537.36"
192.168.16.1 - - [14/May/2025:18:26:41 +0000] "GET /api/Subjects/1 HTTP/1.1" 200 102 "-" "python-requests/2.32.3"
192.168.16.1 - - [14/May/2025:18:26:41 +0000] "GET /api/Groups/3 HTTP/1.1" 200 49 "-" "python-requests/2.32.3"
192.168.16.1 - - [14/May/2025:18:26:41 +0000] "GET /api/Users HTTP/1.1" 200 807 "-" "python-requests/2.32.3"
192.168.16.1 - - [14/May/2025:18:26:41 +0000] "GET /api/LectionMaterials HTTP/1.1" 200 12 "-" "python-requests/2.32.3"
192.168.16.1 - - [14/May/2025:18:26:41 +0000] "GET /api/PracticalWorks HTTP/1.1" 200 451 "-" "python-requests/2.32.3"
192.168.16.1 - - [14/May/2025:18:26:42 +0000] "GET /api/Tests HTTP/1.1" 200 417 "-" "python-requests/2.32.3"
192.168.16.1 - - [14/May/2025:18:26:42 +0000] "GET /api/Users/2 HTTP/1.1" 200 277 "-" "python-requests/2.32.3"
94.142.138.250 - - [14/May/2025:18:26:42 +0000] "GET /subject/1/ HTTP/1.1" 200 11149 "https://yumlschool.ru/subjects/" "Mozilla/5.0 (Windows NT 10.0; Win64; x64) AppleWebKit/537.36 (KHTML, like Gecko) Chrome/136.0.0.0 Safari/537.36"
192.168.16.1 - - [14/May/2025:18:26:43 +0000] "GET /api/PracticalWorks/1 HTTP/1.1" 200 449 "-" "python-requests/2.32.3"
192.168.16.1 - - [14/May/2025:18:26:43 +0000] "GET /api/Subjects/1 HTTP/1.1" 200 102 "-" "python-requests/2.32.3"
192.168.16.1 - - [14/May/2025:18:26:44 +0000] "GET /api/CompletedWorks HTTP/1.1" 200 644 "-" "python-requests/2.32.3"
192.168.16.1 - - [14/May/2025:18:26:44 +0000] "GET /api/Users HTTP/1.1" 200 807 "-" "python-requests/2.32.3"
94.142.138.250 - - [14/May/2025:18:26:44 +0000] "GET /practical_work/1/ HTTP/1.1" 200 27717 "https://yumlschool.ru/subject/1/" "Mozilla/5.0 (Windows NT 10.0; Win64; x64) AppleWebKit/537.36 (KHTML, like Gecko) Chrome/136.0.0.0 Safari/537.36"
192.168.16.1 - - [14/May/2025:18:26:47 +0000] "GET /api/Users/3 HTTP/1.1" 200 280 "-" "python-requests/2.32.3"
192.168.16.1 - - [14/May/2025:18:26:47 +0000] "GET /api/CompletedWorks HTTP/1.1" 200 644 "-" "python-requests/2.32.3"
192.168.16.1 - - [14/May/2025:18:26:47 +0000] "GET /api/Status HTTP/1.1" 200 94 "-" "python-requests/2.32.3"
192.168.16.1 - - [14/May/2025:18:26:47 +0000] "GET /api/PracticalWorks/1 HTTP/1.1" 200 449 "-" "python-requests/2.32.3"
94.142.138.250 - - [14/May/2025:18:26:47 +0000] "GET /practical_work/1/grade/3/ HTTP/1.1" 200 16807 "https://yumlschool.ru/practical_work/1/" "Mozilla/5.0 (Windows NT 10.0; Win64; x64) AppleWebKit/537.36 (KHTML, like Gecko) Chrome/136.0.0.0 Safari/537.36"
192.168.16.1 - - [14/May/2025:18:26:56 +0000] "GET /api/Users/3 HTTP/1.1" 200 280 "-" "python-requests/2.32.3"
192.168.16.1 - - [14/May/2025:18:26:57 +0000] "GET /api/CompletedWorks HTTP/1.1" 200 644 "-" "python-requests/2.32.3"
192.168.16.1 - - [14/May/2025:18:26:57 +0000] "GET /api/Status HTTP/1.1" 200 94 "-" "python-requests/2.32.3"
192.168.16.1 - - [14/May/2025:18:26:57 +0000] "PUT /api/CompletedWorks/2 HTTP/1.1" 204 0 "-" "python-requests/2.32.3"
94.142.138.250 - - [14/May/2025:18:26:57 +0000] "POST /practical_work/1/grade/3/ HTTP/1.1" 302 0 "https://yumlschool.ru/practical_work/1/grade/3/" "Mozilla/5.0 (Windows NT 10.0; Win64; x64) AppleWebKit/537.36 (KHTML, like Gecko) Chrome/136.0.0.0 Safari/537.36"
192.168.16.1 - - [14/May/2025:18:26:57 +0000] "GET /api/PracticalWorks/1 HTTP/1.1" 200 449 "-" "python-requests/2.32.3"
192.168.16.1 - - [14/May/2025:18:26:57 +0000] "GET /api/Subjects/1 HTTP/1.1" 200 102 "-" "python-requests/2.32.3"
192.168.16.1 - - [14/May/2025:18:26:57 +0000] "GET /api/CompletedWorks HTTP/1.1" 200 644 "-" "python-requests/2.32.3"
192.168.16.1 - - [14/May/2025:18:26:57 +0000] "GET /api/Users HTTP/1.1" 200 807 "-" "python-requests/2.32.3"
94.142.138.250 - - [14/May/2025:18:26:57 +0000] "GET /practical_work/1/ HTTP/1.1" 200 27717 "https://yumlschool.ru/practical_work/1/grade/3/" "Mozilla/5.0 (Windows NT 10.0; Win64; x64) AppleWebKit/537.36 (KHTML, like Gecko) Chrome/136.0.0.0 Safari/537.36"
192.168.16.1 - - [14/May/2025:18:27:04 +0000] "GET /api/PracticalWorks/1 HTTP/1.1" 200 449 "-" "python-requests/2.32.3"
192.168.16.1 - - [14/May/2025:18:27:04 +0000] "GET /api/Subjects/1 HTTP/1.1" 200 102 "-" "python-requests/2.32.3"
192.168.16.1 - - [14/May/2025:18:27:04 +0000] "GET /api/Groups/3 HTTP/1.1" 200 49 "-" "python-requests/2.32.3"
192.168.16.1 - - [14/May/2025:18:27:04 +0000] "GET /api/PracticalWorks/1/completed HTTP/1.1" 200 644 "-" "python-requests/2.32.3"
94.142.138.250 - - [14/May/2025:18:27:04 +0000] "GET /practical-work/1/export-performance/ HTTP/1.1" 500 145075 "https://yumlschool.ru/practical_work/1/" "Mozilla/5.0 (Windows NT 10.0; Win64; x64) AppleWebKit/537.36 (KHTML, like Gecko) Chrome/136.0.0.0 Safari/537.36"
77.110.105.199 - - [14/May/2025:18:27:24 +0000] "GET / HTTP/1.1" 200 2287 "-" "python-requests/2.32.3"
77.110.105.199 - - [14/May/2025:18:27:24 +0000] "GET /api/users HTTP/1.1" 200 807 "-" "python-requests/2.32.3"
192.168.16.1 - - [14/May/2025:18:28:14 +0000] "GET /api/PracticalWorks/1 HTTP/1.1" 200 449 "-" "python-requests/2.32.3"
192.168.16.1 - - [14/May/2025:18:28:15 +0000] "GET /api/Subjects/1 HTTP/1.1" 200 102 "-" "python-requests/2.32.3"
192.168.16.1 - - [14/May/2025:18:28:15 +0000] "GET /api/Groups/3 HTTP/1.1" 200 49 "-" "python-requests/2.32.3"
192.168.16.1 - - [14/May/2025:18:28:15 +0000] "GET /api/PracticalWorks/1/completed HTTP/1.1" 200 644 "-" "python-requests/2.32.3"
94.142.138.250 - - [14/May/2025:18:28:15 +0000] "GET /practical-work/1/export-performance/ HTTP/1.1" 500 140132 "https://yumlschool.ru/practical_work/1/" "Mozilla/5.0 (Windows NT 10.0; Win64; x64) AppleWebKit/537.36 (KHTML, like Gecko) Chrome/136.0.0.0 Safari/537.36"
77.110.105.199 - - [14/May/2025:18:28:24 +0000] "GET / HTTP/1.1" 200 2287 "-" "python-requests/2.32.3"
77.110.105.199 - - [14/May/2025:18:28:24 +0000] "GET /api/users HTTP/1.1" 200 807 "-" "python-requests/2.32.3"
192.168.16.1 - - [14/May/2025:18:28:40 +0000] "GET /api/PracticalWorks/1 HTTP/1.1" 200 449 "-" "python-requests/2.32.3"
192.168.16.1 - - [14/May/2025:18:28:40 +0000] "GET /api/Subjects/1 HTTP/1.1" 200 102 "-" "python-requests/2.32.3"
192.168.16.1 - - [14/May/2025:18:28:40 +0000] "GET /api/Groups/3 HTTP/1.1" 200 49 "-" "python-requests/2.32.3"
192.168.16.1 - - [14/May/2025:18:28:40 +0000] "GET /api/PracticalWorks/1/completed HTTP/1.1" 200 644 "-" "python-requests/2.32.3"
94.142.138.250 - - [14/May/2025:18:28:40 +0000] "GET /practical-work/1/export-performance/ HTTP/1.1" 500 140132 "https://yumlschool.ru/practical_work/1/" "Mozilla/5.0 (Windows NT 10.0; Win64; x64) AppleWebKit/537.36 (KHTML, like Gecko) Chrome/136.0.0.0 Safari/537.36"
193.92.182.236 - - [14/May/2025:18:28:57 +0000] "GET / HTTP/1.1" 301 169 "-" "Mozilla/5.0 (Windows NT 5.1; rv:9.0.1) Gecko/20100101 Firefox/9.0.1"
193.92.182.236 - - [14/May/2025:18:28:58 +0000] "GET / HTTP/1.1" 200 2287 "-" "Mozilla/5.0 (Windows NT 5.1; rv:9.0.1) Gecko/20100101 Firefox/9.0.1"
77.110.105.199 - - [14/May/2025:18:29:24 +0000] "GET / HTTP/1.1" 200 2287 "-" "python-requests/2.32.3"
77.110.105.199 - - [14/May/2025:18:29:24 +0000] "GET /api/users HTTP/1.1" 200 807 "-" "python-requests/2.32.3"
77.110.105.199 - - [14/May/2025:18:30:24 +0000] "GET / HTTP/1.1" 200 2287 "-" "python-requests/2.32.3"
77.110.105.199 - - [14/May/2025:18:30:24 +0000] "GET /api/users HTTP/1.1" 200 807 "-" "python-requests/2.32.3"
77.110.105.199 - - [14/May/2025:18:31:24 +0000] "GET / HTTP/1.1" 200 2287 "-" "python-requests/2.32.3"
77.110.105.199 - - [14/May/2025:18:31:24 +0000] "GET /api/users HTTP/1.1" 200 807 "-" "python-requests/2.32.3"
77.110.105.199 - - [14/May/2025:18:32:24 +0000] "GET / HTTP/1.1" 200 2287 "-" "python-requests/2.32.3"
77.110.105.199 - - [14/May/2025:18:32:24 +0000] "GET /api/users HTTP/1.1" 200 807 "-" "python-requests/2.32.3"
43.157.250.180 - - [14/May/2025:18:32:42 +0000] "GET / HTTP/1.1" 400 255 "-" "Mozilla/5.0 (iPhone; CPU iPhone OS 13_2_3 like Mac OS X) AppleWebKit/605.1.15 (KHTML, like Gecko) Version/13.0.3 Mobile/15E148 Safari/604.1"
94.142.138.250 - - [14/May/2025:18:33:14 +0000] "POST /logout/ HTTP/1.1" 302 0 "https://yumlschool.ru/practical_work/1/" "Mozilla/5.0 (Windows NT 10.0; Win64; x64) AppleWebKit/537.36 (KHTML, like Gecko) Chrome/136.0.0.0 Safari/537.36"
94.142.138.250 - - [14/May/2025:18:33:14 +0000] "GET / HTTP/1.1" 200 2287 "https://yumlschool.ru/practical_work/1/" "Mozilla/5.0 (Windows NT 10.0; Win64; x64) AppleWebKit/537.36 (KHTML, like Gecko) Chrome/136.0.0.0 Safari/537.36"
94.142.138.250 - - [14/May/2025:18:33:14 +0000] "GET /static/css/logreg.css HTTP/1.1" 304 0 "https://yumlschool.ru/" "Mozilla/5.0 (Windows NT 10.0; Win64; x64) AppleWebKit/537.36 (KHTML, like Gecko) Chrome/136.0.0.0 Safari/537.36"
94.142.138.250 - - [14/May/2025:18:33:15 +0000] "GET /favicon.ico HTTP/1.1" 404 8201 "https://yumlschool.ru/" "Mozilla/5.0 (Windows NT 10.0; Win64; x64) AppleWebKit/537.36 (KHTML, like Gecko) Chrome/136.0.0.0 Safari/537.36"
94.142.138.250 - - [14/May/2025:18:33:15 +0000] "GET /favicon.ico HTTP/1.1" 404 8201 "-" "WinHTTP Example/1.0"
77.110.105.199 - - [14/May/2025:18:33:24 +0000] "GET / HTTP/1.1" 200 2287 "-" "python-requests/2.32.3"
77.110.105.199 - - [14/May/2025:18:33:24 +0000] "GET /api/users HTTP/1.1" 200 807 "-" "python-requests/2.32.3"
192.168.16.1 - - [14/May/2025:18:33:32 +0000] "GET /api/Users HTTP/1.1" 200 807 "-" "python-requests/2.32.3"
94.142.138.250 - - [14/May/2025:18:33:32 +0000] "POST / HTTP/1.1" 302 0 "https://yumlschool.ru/" "Mozilla/5.0 (Windows NT 10.0; Win64; x64) AppleWebKit/537.36 (KHTML, like Gecko) Chrome/136.0.0.0 Safari/537.36"
94.142.138.250 - - [14/May/2025:18:33:32 +0000] "GET /admin/ HTTP/1.1" 200 11940 "https://yumlschool.ru/" "Mozilla/5.0 (Windows NT 10.0; Win64; x64) AppleWebKit/537.36 (KHTML, like Gecko) Chrome/136.0.0.0 Safari/537.36"
94.142.138.250 - - [14/May/2025:18:33:32 +0000] "GET /static/css/base.css HTTP/1.1" 304 0 "https://yumlschool.ru/admin/" "Mozilla/5.0 (Windows NT 10.0; Win64; x64) AppleWebKit/537.36 (KHTML, like Gecko) Chrome/136.0.0.0 Safari/537.36"
94.142.138.250 - - [14/May/2025:18:33:32 +0000] "GET /static/css/PracticalWork.css HTTP/1.1" 304 0 "https://yumlschool.ru/admin/" "Mozilla/5.0 (Windows NT 10.0; Win64; x64) AppleWebKit/537.36 (KHTML, like Gecko) Chrome/136.0.0.0 Safari/537.36"
94.142.138.250 - - [14/May/2025:18:33:32 +0000] "GET /static/css/TestEditor.css HTTP/1.1" 304 0 "https://yumlschool.ru/admin/" "Mozilla/5.0 (Windows NT 10.0; Win64; x64) AppleWebKit/537.36 (KHTML, like Gecko) Chrome/136.0.0.0 Safari/537.36"
94.142.138.250 - - [14/May/2025:18:33:32 +0000] "GET /static/css/CreateTest.css HTTP/1.1" 304 0 "https://yumlschool.ru/admin/" "Mozilla/5.0 (Windows NT 10.0; Win64; x64) AppleWebKit/537.36 (KHTML, like Gecko) Chrome/136.0.0.0 Safari/537.36"
94.142.138.250 - - [14/May/2025:18:33:33 +0000] "GET /static/js/confirmations.js HTTP/1.1" 304 0 "https://yumlschool.ru/admin/" "Mozilla/5.0 (Windows NT 10.0; Win64; x64) AppleWebKit/537.36 (KHTML, like Gecko) Chrome/136.0.0.0 Safari/537.36"
94.142.138.250 - - [14/May/2025:18:33:33 +0000] "GET /static/css/AdminPanel.css HTTP/1.1" 304 0 "https://yumlschool.ru/admin/" "Mozilla/5.0 (Windows NT 10.0; Win64; x64) AppleWebKit/537.36 (KHTML, like Gecko) Chrome/136.0.0.0 Safari/537.36"
192.168.16.1 - - [14/May/2025:18:33:38 +0000] "GET /api/Users HTTP/1.1" 200 807 "-" "python-requests/2.32.3"
192.168.16.1 - - [14/May/2025:18:33:38 +0000] "GET /api/Roles HTTP/1.1" 200 309 "-" "python-requests/2.32.3"
192.168.16.1 - - [14/May/2025:18:33:38 +0000] "GET /api/Groups HTTP/1.1" 200 334 "-" "python-requests/2.32.3"
94.142.138.250 - - [14/May/2025:18:33:38 +0000] "GET /admin/users/ HTTP/1.1" 200 27358 "https://yumlschool.ru/admin/" "Mozilla/5.0 (Windows NT 10.0; Win64; x64) AppleWebKit/537.36 (KHTML, like Gecko) Chrome/136.0.0.0 Safari/537.36"
94.142.138.250 - - [14/May/2025:18:33:38 +0000] "GET /static/css/UserCRUD.css HTTP/1.1" 304 0 "https://yumlschool.ru/admin/users/" "Mozilla/5.0 (Windows NT 10.0; Win64; x64) AppleWebKit/537.36 (KHTML, like Gecko) Chrome/136.0.0.0 Safari/537.36"
94.142.138.250 - - [14/May/2025:18:33:39 +0000] "GET /favicon.ico HTTP/1.1" 404 8201 "https://yumlschool.ru/admin/users/" "Mozilla/5.0 (Windows NT 10.0; Win64; x64) AppleWebKit/537.36 (KHTML, like Gecko) Chrome/136.0.0.0 Safari/537.36"
94.142.138.250 - - [14/May/2025:18:33:40 +0000] "GET /favicon.ico HTTP/1.1" 404 8201 "-" "WinHTTP Example/1.0"
94.142.138.250 - - [14/May/2025:18:33:44 +0000] "GET /admin/ HTTP/1.1" 200 11940 "https://yumlschool.ru/admin/users/" "Mozilla/5.0 (Windows NT 10.0; Win64; x64) AppleWebKit/537.36 (KHTML, like Gecko) Chrome/136.0.0.0 Safari/537.36"
192.168.16.1 - - [14/May/2025:18:33:45 +0000] "GET /api/Groups HTTP/1.1" 200 334 "-" "python-requests/2.32.3"
192.168.16.1 - - [14/May/2025:18:33:45 +0000] "GET /api/Users HTTP/1.1" 200 807 "-" "python-requests/2.32.3"
192.168.16.1 - - [14/May/2025:18:33:45 +0000] "GET /api/Subjects HTTP/1.1" 200 104 "-" "python-requests/2.32.3"
94.142.138.250 - - [14/May/2025:18:33:45 +0000] "GET /admin/subjects/ HTTP/1.1" 200 13718 "https://yumlschool.ru/admin/" "Mozilla/5.0 (Windows NT 10.0; Win64; x64) AppleWebKit/537.36 (KHTML, like Gecko) Chrome/136.0.0.0 Safari/537.36"
94.142.138.250 - - [14/May/2025:18:33:45 +0000] "GET /static/css/SubjectCRUD.css HTTP/1.1" 304 0 "https://yumlschool.ru/admin/subjects/" "Mozilla/5.0 (Windows NT 10.0; Win64; x64) AppleWebKit/537.36 (KHTML, like Gecko) Chrome/136.0.0.0 Safari/537.36"
94.142.138.250 - - [14/May/2025:18:33:46 +0000] "GET /favicon.ico HTTP/1.1" 404 8201 "https://yumlschool.ru/admin/subjects/" "Mozilla/5.0 (Windows NT 10.0; Win64; x64) AppleWebKit/537.36 (KHTML, like Gecko) Chrome/136.0.0.0 Safari/537.36"
94.142.138.250 - - [14/May/2025:18:33:47 +0000] "GET /favicon.ico HTTP/1.1" 404 8201 "-" "WinHTTP Example/1.0"
77.110.105.199 - - [14/May/2025:18:34:24 +0000] "GET / HTTP/1.1" 200 2287 "-" "python-requests/2.32.3"
77.110.105.199 - - [14/May/2025:18:34:24 +0000] "GET /api/users HTTP/1.1" 200 807 "-" "python-requests/2.32.3"
77.110.105.199 - - [14/May/2025:18:35:24 +0000] "GET / HTTP/1.1" 200 2287 "-" "python-requests/2.32.3"
77.110.105.199 - - [14/May/2025:18:35:24 +0000] "GET /api/users HTTP/1.1" 200 807 "-" "python-requests/2.32.3"
77.110.105.199 - - [14/May/2025:18:36:24 +0000] "GET / HTTP/1.1" 200 2287 "-" "python-requests/2.32.3"
77.110.105.199 - - [14/May/2025:18:36:24 +0000] "GET /api/users HTTP/1.1" 200 807 "-" "python-requests/2.32.3"
