192.168.80.1 - - [14/May/2025:19:36:57 +0000] "GET /api/LectionMaterials HTTP/1.1" 200 12 "-" "python-requests/2.32.3"
192.168.80.1 - - [14/May/2025:19:36:57 +0000] "GET /api/PracticalWorks HTTP/1.1" 200 414 "-" "python-requests/2.32.3"
192.168.80.1 - - [14/May/2025:19:36:57 +0000] "GET /api/Tests HTTP/1.1" 200 171 "-" "python-requests/2.32.3"
192.168.80.1 - - [14/May/2025:19:36:57 +0000] "GET /api/Users/2 HTTP/1.1" 200 287 "-" "python-requests/2.32.3"
94.142.138.250 - - [14/May/2025:19:36:57 +0000] "GET /subject/1/ HTTP/1.1" 200 10905 "https://yumlschool.ru/subjects/" "Mozilla/5.0 (Windows NT 10.0; Win64; x64) AppleWebKit/537.36 (KHTML, like Gecko) Chrome/136.0.0.0 Safari/537.36"
94.142.138.250 - - [14/May/2025:19:36:57 +0000] "GET /static/css/SubjectPage.css HTTP/1.1" 304 0 "https://yumlschool.ru/subject/1/" "Mozilla/5.0 (Windows NT 10.0; Win64; x64) AppleWebKit/537.36 (KHTML, like Gecko) Chrome/136.0.0.0 Safari/537.36"
192.168.80.1 - - [14/May/2025:19:36:58 +0000] "GET /api/PracticalWorks/1 HTTP/1.1" 200 412 "-" "python-requests/2.32.3"
192.168.80.1 - - [14/May/2025:19:36:59 +0000] "GET /api/Subjects/1 HTTP/1.1" 200 102 "-" "python-requests/2.32.3"
192.168.80.1 - - [14/May/2025:19:36:59 +0000] "GET /api/CompletedWorks HTTP/1.1" 200 691 "-" "python-requests/2.32.3"
192.168.80.1 - - [14/May/2025:19:36:59 +0000] "GET /api/Users HTTP/1.1" 200 802 "-" "python-requests/2.32.3"
94.142.138.250 - - [14/May/2025:19:36:59 +0000] "GET /practical_work/1/ HTTP/1.1" 200 27431 "https://yumlschool.ru/subject/1/" "Mozilla/5.0 (Windows NT 10.0; Win64; x64) AppleWebKit/537.36 (KHTML, like Gecko) Chrome/136.0.0.0 Safari/537.36"
94.142.138.250 - - [14/May/2025:19:36:59 +0000] "GET /static/css/PracticalWork.css HTTP/1.1" 304 0 "https://yumlschool.ru/practical_work/1/" "Mozilla/5.0 (Windows NT 10.0; Win64; x64) AppleWebKit/537.36 (KHTML, like Gecko) Chrome/136.0.0.0 Safari/537.36"
192.168.80.1 - - [14/May/2025:19:37:02 +0000] "GET /api/Users/3 HTTP/1.1" 200 264 "-" "python-requests/2.32.3"
192.168.80.1 - - [14/May/2025:19:37:02 +0000] "GET /api/CompletedWorks HTTP/1.1" 200 691 "-" "python-requests/2.32.3"
192.168.80.1 - - [14/May/2025:19:37:02 +0000] "GET /api/Status HTTP/1.1" 200 94 "-" "python-requests/2.32.3"
192.168.80.1 - - [14/May/2025:19:37:02 +0000] "PUT /api/CompletedWorks/2 HTTP/1.1" 204 0 "-" "python-requests/2.32.3"
94.142.138.250 - - [14/May/2025:19:37:02 +0000] "POST /practical_work/1/grade/3/ HTTP/1.1" 302 0 "https://yumlschool.ru/practical_work/1/" "Mozilla/5.0 (Windows NT 10.0; Win64; x64) AppleWebKit/537.36 (KHTML, like Gecko) Chrome/136.0.0.0 Safari/537.36"
192.168.80.1 - - [14/May/2025:19:37:03 +0000] "GET /api/PracticalWorks/1 HTTP/1.1" 200 412 "-" "python-requests/2.32.3"
192.168.80.1 - - [14/May/2025:19:37:03 +0000] "GET /api/Subjects/1 HTTP/1.1" 200 102 "-" "python-requests/2.32.3"
192.168.80.1 - - [14/May/2025:19:37:03 +0000] "GET /api/CompletedWorks HTTP/1.1" 200 691 "-" "python-requests/2.32.3"
192.168.80.1 - - [14/May/2025:19:37:03 +0000] "GET /api/Users HTTP/1.1" 200 802 "-" "python-requests/2.32.3"
94.142.138.250 - - [14/May/2025:19:37:03 +0000] "GET /practical_work/1/ HTTP/1.1" 200 27431 "https://yumlschool.ru/practical_work/1/" "Mozilla/5.0 (Windows NT 10.0; Win64; x64) AppleWebKit/537.36 (KHTML, like Gecko) Chrome/136.0.0.0 Safari/537.36"
192.168.80.1 - - [14/May/2025:19:37:08 +0000] "GET /api/Users/3 HTTP/1.1" 200 264 "-" "python-requests/2.32.3"
192.168.80.1 - - [14/May/2025:19:37:08 +0000] "GET /api/CompletedWorks HTTP/1.1" 200 691 "-" "python-requests/2.32.3"
192.168.80.1 - - [14/May/2025:19:37:08 +0000] "GET /api/Status HTTP/1.1" 200 94 "-" "python-requests/2.32.3"
192.168.80.1 - - [14/May/2025:19:37:08 +0000] "PUT /api/CompletedWorks/2 HTTP/1.1" 204 0 "-" "python-requests/2.32.3"
94.142.138.250 - - [14/May/2025:19:37:08 +0000] "POST /practical_work/1/grade/3/ HTTP/1.1" 302 0 "https://yumlschool.ru/practical_work/1/" "Mozilla/5.0 (Windows NT 10.0; Win64; x64) AppleWebKit/537.36 (KHTML, like Gecko) Chrome/136.0.0.0 Safari/537.36"
192.168.80.1 - - [14/May/2025:19:37:08 +0000] "GET /api/PracticalWorks/1 HTTP/1.1" 200 412 "-" "python-requests/2.32.3"
192.168.80.1 - - [14/May/2025:19:37:08 +0000] "GET /api/Subjects/1 HTTP/1.1" 200 102 "-" "python-requests/2.32.3"
192.168.80.1 - - [14/May/2025:19:37:09 +0000] "GET /api/CompletedWorks HTTP/1.1" 200 691 "-" "python-requests/2.32.3"
192.168.80.1 - - [14/May/2025:19:37:09 +0000] "GET /api/Users HTTP/1.1" 200 802 "-" "python-requests/2.32.3"
94.142.138.250 - - [14/May/2025:19:37:09 +0000] "GET /practical_work/1/ HTTP/1.1" 200 27431 "https://yumlschool.ru/practical_work/1/" "Mozilla/5.0 (Windows NT 10.0; Win64; x64) AppleWebKit/537.36 (KHTML, like Gecko) Chrome/136.0.0.0 Safari/537.36"
192.168.80.1 - - [14/May/2025:19:37:14 +0000] "GET /api/Subjects/1 HTTP/1.1" 200 102 "-" "python-requests/2.32.3"
192.168.80.1 - - [14/May/2025:19:37:14 +0000] "GET /api/Groups/3 HTTP/1.1" 200 49 "-" "python-requests/2.32.3"
192.168.80.1 - - [14/May/2025:19:37:14 +0000] "GET /api/Users HTTP/1.1" 200 802 "-" "python-requests/2.32.3"
192.168.80.1 - - [14/May/2025:19:37:14 +0000] "GET /api/LectionMaterials HTTP/1.1" 200 12 "-" "python-requests/2.32.3"
192.168.80.1 - - [14/May/2025:19:37:14 +0000] "GET /api/PracticalWorks HTTP/1.1" 200 414 "-" "python-requests/2.32.3"
192.168.80.1 - - [14/May/2025:19:37:14 +0000] "GET /api/Tests HTTP/1.1" 200 171 "-" "python-requests/2.32.3"
192.168.80.1 - - [14/May/2025:19:37:15 +0000] "GET /api/Users/2 HTTP/1.1" 200 287 "-" "python-requests/2.32.3"
94.142.138.250 - - [14/May/2025:19:37:15 +0000] "GET /subject/1/ HTTP/1.1" 200 10905 "https://yumlschool.ru/practical_work/1/" "Mozilla/5.0 (Windows NT 10.0; Win64; x64) AppleWebKit/537.36 (KHTML, like Gecko) Chrome/136.0.0.0 Safari/537.36"
94.142.138.250 - - [14/May/2025:19:37:16 +0000] "GET /subject/1/practical_work/create/ HTTP/1.1" 200 6017 "https://yumlschool.ru/subject/1/" "Mozilla/5.0 (Windows NT 10.0; Win64; x64) AppleWebKit/537.36 (KHTML, like Gecko) Chrome/136.0.0.0 Safari/537.36"
94.142.138.250 - - [14/May/2025:19:37:16 +0000] "GET /static/css/LectionCRUD.css HTTP/1.1" 304 0 "https://yumlschool.ru/subject/1/practical_work/create/" "Mozilla/5.0 (Windows NT 10.0; Win64; x64) AppleWebKit/537.36 (KHTML, like Gecko) Chrome/136.0.0.0 Safari/537.36"
94.142.138.250 - - [14/May/2025:19:37:17 +0000] "GET /favicon.ico HTTP/1.1" 404 8201 "https://yumlschool.ru/subject/1/practical_work/create/" "Mozilla/5.0 (Windows NT 10.0; Win64; x64) AppleWebKit/537.36 (KHTML, like Gecko) Chrome/136.0.0.0 Safari/537.36"
94.142.138.250 - - [14/May/2025:19:37:17 +0000] "GET /favicon.ico HTTP/1.1" 404 8201 "-" "WinHTTP Example/1.0"
192.168.80.1 - - [14/May/2025:19:37:23 +0000] "POST /api/PracticalWorks HTTP/1.1" 201 406 "-" "python-requests/2.32.3"
94.142.138.250 - - [14/May/2025:19:37:23 +0000] "POST /subject/1/practical_work/create/ HTTP/1.1" 302 0 "https://yumlschool.ru/subject/1/practical_work/create/" "Mozilla/5.0 (Windows NT 10.0; Win64; x64) AppleWebKit/537.36 (KHTML, like Gecko) Chrome/136.0.0.0 Safari/537.36"
192.168.80.1 - - [14/May/2025:19:37:23 +0000] "GET /api/Subjects/1 HTTP/1.1" 200 102 "-" "python-requests/2.32.3"
192.168.80.1 - - [14/May/2025:19:37:23 +0000] "GET /api/Groups/3 HTTP/1.1" 200 49 "-" "python-requests/2.32.3"
192.168.80.1 - - [14/May/2025:19:37:23 +0000] "GET /api/Users HTTP/1.1" 200 802 "-" "python-requests/2.32.3"
192.168.80.1 - - [14/May/2025:19:37:23 +0000] "GET /api/LectionMaterials HTTP/1.1" 200 12 "-" "python-requests/2.32.3"
192.168.80.1 - - [14/May/2025:19:37:23 +0000] "GET /api/PracticalWorks HTTP/1.1" 200 809 "-" "python-requests/2.32.3"
192.168.80.1 - - [14/May/2025:19:37:23 +0000] "GET /api/Tests HTTP/1.1" 200 171 "-" "python-requests/2.32.3"
192.168.80.1 - - [14/May/2025:19:37:23 +0000] "GET /api/Users/2 HTTP/1.1" 200 287 "-" "python-requests/2.32.3"
94.142.138.250 - - [14/May/2025:19:37:23 +0000] "GET /subject/1/ HTTP/1.1" 200 11125 "https://yumlschool.ru/subject/1/practical_work/create/" "Mozilla/5.0 (Windows NT 10.0; Win64; x64) AppleWebKit/537.36 (KHTML, like Gecko) Chrome/136.0.0.0 Safari/537.36"
77.110.105.199 - - [14/May/2025:19:37:24 +0000] "GET / HTTP/1.1" 200 2287 "-" "python-requests/2.32.3"
77.110.105.199 - - [14/May/2025:19:37:24 +0000] "GET /api/users HTTP/1.1" 200 802 "-" "python-requests/2.32.3"
94.142.138.250 - - [14/May/2025:19:37:26 +0000] "POST /logout/ HTTP/1.1" 302 0 "https://yumlschool.ru/subject/1/" "Mozilla/5.0 (Windows NT 10.0; Win64; x64) AppleWebKit/537.36 (KHTML, like Gecko) Chrome/136.0.0.0 Safari/537.36"
94.142.138.250 - - [14/May/2025:19:37:26 +0000] "GET / HTTP/1.1" 200 2287 "https://yumlschool.ru/subject/1/" "Mozilla/5.0 (Windows NT 10.0; Win64; x64) AppleWebKit/537.36 (KHTML, like Gecko) Chrome/136.0.0.0 Safari/537.36"
94.142.138.250 - - [14/May/2025:19:37:27 +0000] "GET /favicon.ico HTTP/1.1" 404 8201 "https://yumlschool.ru/" "Mozilla/5.0 (Windows NT 10.0; Win64; x64) AppleWebKit/537.36 (KHTML, like Gecko) Chrome/136.0.0.0 Safari/537.36"
94.142.138.250 - - [14/May/2025:19:37:27 +0000] "GET /favicon.ico HTTP/1.1" 404 8201 "-" "WinHTTP Example/1.0"
192.168.80.1 - - [14/May/2025:19:37:31 +0000] "GET /api/Users HTTP/1.1" 200 802 "-" "python-requests/2.32.3"
94.142.138.250 - - [14/May/2025:19:37:32 +0000] "POST / HTTP/1.1" 302 0 "https://yumlschool.ru/" "Mozilla/5.0 (Windows NT 10.0; Win64; x64) AppleWebKit/537.36 (KHTML, like Gecko) Chrome/136.0.0.0 Safari/537.36"
192.168.80.1 - - [14/May/2025:19:37:32 +0000] "GET /api/Subjects HTTP/1.1" 200 104 "-" "python-requests/2.32.3"
192.168.80.1 - - [14/May/2025:19:37:32 +0000] "GET /api/Users/3 HTTP/1.1" 200 264 "-" "python-requests/2.32.3"
192.168.80.1 - - [14/May/2025:19:37:32 +0000] "GET /api/Groups HTTP/1.1" 200 334 "-" "python-requests/2.32.3"
192.168.80.1 - - [14/May/2025:19:37:32 +0000] "GET /api/Users HTTP/1.1" 200 802 "-" "python-requests/2.32.3"
94.142.138.250 - - [14/May/2025:19:37:32 +0000] "GET /subjects/ HTTP/1.1" 200 11190 "https://yumlschool.ru/" "Mozilla/5.0 (Windows NT 10.0; Win64; x64) AppleWebKit/537.36 (KHTML, like Gecko) Chrome/136.0.0.0 Safari/537.36"
192.168.80.1 - - [14/May/2025:19:37:33 +0000] "GET /api/Subjects/1 HTTP/1.1" 200 102 "-" "python-requests/2.32.3"
192.168.80.1 - - [14/May/2025:19:37:33 +0000] "GET /api/Groups/3 HTTP/1.1" 200 49 "-" "python-requests/2.32.3"
192.168.80.1 - - [14/May/2025:19:37:33 +0000] "GET /api/Users HTTP/1.1" 200 802 "-" "python-requests/2.32.3"
192.168.80.1 - - [14/May/2025:19:37:33 +0000] "GET /api/LectionMaterials HTTP/1.1" 200 12 "-" "python-requests/2.32.3"
192.168.80.1 - - [14/May/2025:19:37:33 +0000] "GET /api/PracticalWorks HTTP/1.1" 200 809 "-" "python-requests/2.32.3"
192.168.80.1 - - [14/May/2025:19:37:33 +0000] "GET /api/Tests HTTP/1.1" 200 171 "-" "python-requests/2.32.3"
192.168.80.1 - - [14/May/2025:19:37:33 +0000] "GET /api/Users/2 HTTP/1.1" 200 287 "-" "python-requests/2.32.3"
94.142.138.250 - - [14/May/2025:19:37:33 +0000] "GET /subject/1/ HTTP/1.1" 200 10456 "https://yumlschool.ru/subjects/" "Mozilla/5.0 (Windows NT 10.0; Win64; x64) AppleWebKit/537.36 (KHTML, like Gecko) Chrome/136.0.0.0 Safari/537.36"
192.168.80.1 - - [14/May/2025:19:37:35 +0000] "GET /api/PracticalWorks/1 HTTP/1.1" 200 412 "-" "python-requests/2.32.3"
192.168.80.1 - - [14/May/2025:19:37:35 +0000] "GET /api/Subjects/1 HTTP/1.1" 200 102 "-" "python-requests/2.32.3"
192.168.80.1 - - [14/May/2025:19:37:35 +0000] "GET /api/CompletedWorks HTTP/1.1" 200 691 "-" "python-requests/2.32.3"
192.168.80.1 - - [14/May/2025:19:37:35 +0000] "GET /api/Users HTTP/1.1" 200 802 "-" "python-requests/2.32.3"
94.142.138.250 - - [14/May/2025:19:37:35 +0000] "GET /practical_work/1/ HTTP/1.1" 200 25521 "https://yumlschool.ru/subject/1/" "Mozilla/5.0 (Windows NT 10.0; Win64; x64) AppleWebKit/537.36 (KHTML, like Gecko) Chrome/136.0.0.0 Safari/537.36"
192.168.80.1 - - [14/May/2025:19:37:38 +0000] "GET /api/Subjects/1 HTTP/1.1" 200 102 "-" "python-requests/2.32.3"
192.168.80.1 - - [14/May/2025:19:37:38 +0000] "GET /api/Groups/3 HTTP/1.1" 200 49 "-" "python-requests/2.32.3"
192.168.80.1 - - [14/May/2025:19:37:38 +0000] "GET /api/Users HTTP/1.1" 200 802 "-" "python-requests/2.32.3"
192.168.80.1 - - [14/May/2025:19:37:38 +0000] "GET /api/LectionMaterials HTTP/1.1" 200 12 "-" "python-requests/2.32.3"
192.168.80.1 - - [14/May/2025:19:37:38 +0000] "GET /api/PracticalWorks HTTP/1.1" 200 809 "-" "python-requests/2.32.3"
192.168.80.1 - - [14/May/2025:19:37:38 +0000] "GET /api/Tests HTTP/1.1" 200 171 "-" "python-requests/2.32.3"
192.168.80.1 - - [14/May/2025:19:37:38 +0000] "GET /api/Users/2 HTTP/1.1" 200 287 "-" "python-requests/2.32.3"
94.142.138.250 - - [14/May/2025:19:37:38 +0000] "GET /subject/1/ HTTP/1.1" 200 10456 "https://yumlschool.ru/practical_work/1/" "Mozilla/5.0 (Windows NT 10.0; Win64; x64) AppleWebKit/537.36 (KHTML, like Gecko) Chrome/136.0.0.0 Safari/537.36"
192.168.80.1 - - [14/May/2025:19:37:41 +0000] "GET /api/PracticalWorks/2 HTTP/1.1" 200 406 "-" "python-requests/2.32.3"
192.168.80.1 - - [14/May/2025:19:37:41 +0000] "GET /api/Subjects/1 HTTP/1.1" 200 102 "-" "python-requests/2.32.3"
192.168.80.1 - - [14/May/2025:19:37:41 +0000] "GET /api/CompletedWorks HTTP/1.1" 200 691 "-" "python-requests/2.32.3"
192.168.80.1 - - [14/May/2025:19:37:41 +0000] "GET /api/Users HTTP/1.1" 200 802 "-" "python-requests/2.32.3"
94.142.138.250 - - [14/May/2025:19:37:41 +0000] "GET /practical_work/2/ HTTP/1.1" 200 22214 "https://yumlschool.ru/subject/1/" "Mozilla/5.0 (Windows NT 10.0; Win64; x64) AppleWebKit/537.36 (KHTML, like Gecko) Chrome/136.0.0.0 Safari/537.36"
192.168.80.1 - - [14/May/2025:19:37:42 +0000] "GET /api/PracticalWorks/2 HTTP/1.1" 200 406 "-" "python-requests/2.32.3"
192.168.80.1 - - [14/May/2025:19:37:42 +0000] "GET /api/CompletedWorks HTTP/1.1" 200 691 "-" "python-requests/2.32.3"
94.142.138.250 - - [14/May/2025:19:37:42 +0000] "GET /practical_work/2/add/ HTTP/1.1" 200 42297 "https://yumlschool.ru/practical_work/2/" "Mozilla/5.0 (Windows NT 10.0; Win64; x64) AppleWebKit/537.36 (KHTML, like Gecko) Chrome/136.0.0.0 Safari/537.36"
94.142.138.250 - - [14/May/2025:19:37:43 +0000] "GET /favicon.ico HTTP/1.1" 404 8201 "https://yumlschool.ru/practical_work/2/add/" "Mozilla/5.0 (Windows NT 10.0; Win64; x64) AppleWebKit/537.36 (KHTML, like Gecko) Chrome/136.0.0.0 Safari/537.36"
94.142.138.250 - - [14/May/2025:19:37:43 +0000] "GET /favicon.ico HTTP/1.1" 404 8201 "-" "WinHTTP Example/1.0"
192.168.80.1 - - [14/May/2025:19:37:48 +0000] "GET /api/PracticalWorks/2 HTTP/1.1" 200 406 "-" "python-requests/2.32.3"
192.168.80.1 - - [14/May/2025:19:37:48 +0000] "GET /api/CompletedWorks HTTP/1.1" 200 691 "-" "python-requests/2.32.3"
192.168.80.1 - - [14/May/2025:19:37:48 +0000] "GET /api/CompletedWorks HTTP/1.1" 200 691 "-" "python-requests/2.32.3"
192.168.80.1 - - [14/May/2025:19:37:48 +0000] "POST /api/CompletedWorks HTTP/1.1" 201 401 "-" "python-requests/2.32.3"
94.142.138.250 - - [14/May/2025:19:37:48 +0000] "POST /practical_work/2/add/ HTTP/1.1" 302 0 "https://yumlschool.ru/practical_work/2/add/" "Mozilla/5.0 (Windows NT 10.0; Win64; x64) AppleWebKit/537.36 (KHTML, like Gecko) Chrome/136.0.0.0 Safari/537.36"
192.168.80.1 - - [14/May/2025:19:37:48 +0000] "GET /api/PracticalWorks/2 HTTP/1.1" 200 406 "-" "python-requests/2.32.3"
192.168.80.1 - - [14/May/2025:19:37:48 +0000] "GET /api/Subjects/1 HTTP/1.1" 200 102 "-" "python-requests/2.32.3"
192.168.80.1 - - [14/May/2025:19:37:48 +0000] "GET /api/CompletedWorks HTTP/1.1" 200 1081 "-" "python-requests/2.32.3"
192.168.80.1 - - [14/May/2025:19:37:48 +0000] "GET /api/Users HTTP/1.1" 200 802 "-" "python-requests/2.32.3"
94.142.138.250 - - [14/May/2025:19:37:48 +0000] "GET /practical_work/2/ HTTP/1.1" 200 22672 "https://yumlschool.ru/practical_work/2/add/" "Mozilla/5.0 (Windows NT 10.0; Win64; x64) AppleWebKit/537.36 (KHTML, like Gecko) Chrome/136.0.0.0 Safari/537.36"
192.168.80.1 - - [14/May/2025:19:37:49 +0000] "GET /api/PracticalWorks/2 HTTP/1.1" 200 406 "-" "python-requests/2.32.3"
192.168.80.1 - - [14/May/2025:19:37:49 +0000] "GET /api/CompletedWorks HTTP/1.1" 200 1081 "-" "python-requests/2.32.3"
192.168.80.1 - - [14/May/2025:19:37:49 +0000] "GET /api/CompletedWorks HTTP/1.1" 200 1081 "-" "python-requests/2.32.3"
192.168.80.1 - - [14/May/2025:19:37:49 +0000] "POST /api/CompletedWorks HTTP/1.1" 201 401 "-" "python-requests/2.32.3"
94.142.138.250 - - [14/May/2025:19:37:49 +0000] "POST /practical_work/2/add/ HTTP/1.1" 302 0 "https://yumlschool.ru/practical_work/2/add/" "Mozilla/5.0 (Windows NT 10.0; Win64; x64) AppleWebKit/537.36 (KHTML, like Gecko) Chrome/136.0.0.0 Safari/537.36"
192.168.80.1 - - [14/May/2025:19:37:49 +0000] "GET /api/PracticalWorks/2 HTTP/1.1" 200 406 "-" "python-requests/2.32.3"
192.168.80.1 - - [14/May/2025:19:37:50 +0000] "GET /api/Subjects/1 HTTP/1.1" 200 102 "-" "python-requests/2.32.3"
192.168.80.1 - - [14/May/2025:19:37:50 +0000] "GET /api/CompletedWorks HTTP/1.1" 200 1471 "-" "python-requests/2.32.3"
192.168.80.1 - - [14/May/2025:19:37:50 +0000] "GET /api/Users HTTP/1.1" 200 802 "-" "python-requests/2.32.3"
94.142.138.250 - - [14/May/2025:19:37:50 +0000] "GET /practical_work/2/ HTTP/1.1" 200 25416 "https://yumlschool.ru/practical_work/2/add/" "Mozilla/5.0 (Windows NT 10.0; Win64; x64) AppleWebKit/537.36 (KHTML, like Gecko) Chrome/136.0.0.0 Safari/537.36"
94.142.138.250 - - [14/May/2025:19:37:52 +0000] "POST /logout/ HTTP/1.1" 302 0 "https://yumlschool.ru/practical_work/2/" "Mozilla/5.0 (Windows NT 10.0; Win64; x64) AppleWebKit/537.36 (KHTML, like Gecko) Chrome/136.0.0.0 Safari/537.36"
94.142.138.250 - - [14/May/2025:19:37:52 +0000] "GET / HTTP/1.1" 200 2287 "https://yumlschool.ru/practical_work/2/" "Mozilla/5.0 (Windows NT 10.0; Win64; x64) AppleWebKit/537.36 (KHTML, like Gecko) Chrome/136.0.0.0 Safari/537.36"
94.142.138.250 - - [14/May/2025:19:37:53 +0000] "GET /favicon.ico HTTP/1.1" 404 8201 "https://yumlschool.ru/" "Mozilla/5.0 (Windows NT 10.0; Win64; x64) AppleWebKit/537.36 (KHTML, like Gecko) Chrome/136.0.0.0 Safari/537.36"
94.142.138.250 - - [14/May/2025:19:37:53 +0000] "GET /favicon.ico HTTP/1.1" 404 8201 "-" "WinHTTP Example/1.0"
192.168.80.1 - - [14/May/2025:19:38:03 +0000] "GET /api/Users HTTP/1.1" 200 802 "-" "python-requests/2.32.3"
94.142.138.250 - - [14/May/2025:19:38:03 +0000] "POST / HTTP/1.1" 302 0 "https://yumlschool.ru/" "Mozilla/5.0 (Windows NT 10.0; Win64; x64) AppleWebKit/537.36 (KHTML, like Gecko) Chrome/136.0.0.0 Safari/537.36"
192.168.80.1 - - [14/May/2025:19:38:03 +0000] "GET /api/Subjects HTTP/1.1" 200 104 "-" "python-requests/2.32.3"
192.168.80.1 - - [14/May/2025:19:38:03 +0000] "GET /api/Users/3 HTTP/1.1" 200 264 "-" "python-requests/2.32.3"
192.168.80.1 - - [14/May/2025:19:38:03 +0000] "GET /api/Groups HTTP/1.1" 200 334 "-" "python-requests/2.32.3"
192.168.80.1 - - [14/May/2025:19:38:03 +0000] "GET /api/Users HTTP/1.1" 200 802 "-" "python-requests/2.32.3"
94.142.138.250 - - [14/May/2025:19:38:03 +0000] "GET /subjects/ HTTP/1.1" 200 11190 "https://yumlschool.ru/" "Mozilla/5.0 (Windows NT 10.0; Win64; x64) AppleWebKit/537.36 (KHTML, like Gecko) Chrome/136.0.0.0 Safari/537.36"
192.168.80.1 - - [14/May/2025:19:38:04 +0000] "GET /api/Subjects/1 HTTP/1.1" 200 102 "-" "python-requests/2.32.3"
192.168.80.1 - - [14/May/2025:19:38:04 +0000] "GET /api/Groups/3 HTTP/1.1" 200 49 "-" "python-requests/2.32.3"
192.168.80.1 - - [14/May/2025:19:38:04 +0000] "GET /api/Users HTTP/1.1" 200 802 "-" "python-requests/2.32.3"
192.168.80.1 - - [14/May/2025:19:38:04 +0000] "GET /api/LectionMaterials HTTP/1.1" 200 12 "-" "python-requests/2.32.3"
192.168.80.1 - - [14/May/2025:19:38:04 +0000] "GET /api/PracticalWorks HTTP/1.1" 200 809 "-" "python-requests/2.32.3"
192.168.80.1 - - [14/May/2025:19:38:04 +0000] "GET /api/Tests HTTP/1.1" 200 171 "-" "python-requests/2.32.3"
192.168.80.1 - - [14/May/2025:19:38:04 +0000] "GET /api/Users/2 HTTP/1.1" 200 287 "-" "python-requests/2.32.3"
94.142.138.250 - - [14/May/2025:19:38:04 +0000] "GET /subject/1/ HTTP/1.1" 200 10456 "https://yumlschool.ru/subjects/" "Mozilla/5.0 (Windows NT 10.0; Win64; x64) AppleWebKit/537.36 (KHTML, like Gecko) Chrome/136.0.0.0 Safari/537.36"
192.168.80.1 - - [14/May/2025:19:38:06 +0000] "GET /api/PracticalWorks/2 HTTP/1.1" 200 406 "-" "python-requests/2.32.3"
192.168.80.1 - - [14/May/2025:19:38:06 +0000] "GET /api/Subjects/1 HTTP/1.1" 200 102 "-" "python-requests/2.32.3"
192.168.80.1 - - [14/May/2025:19:38:06 +0000] "GET /api/CompletedWorks HTTP/1.1" 200 1471 "-" "python-requests/2.32.3"
192.168.80.1 - - [14/May/2025:19:38:06 +0000] "GET /api/Users HTTP/1.1" 200 802 "-" "python-requests/2.32.3"
94.142.138.250 - - [14/May/2025:19:38:06 +0000] "GET /practical_work/2/ HTTP/1.1" 200 25416 "https://yumlschool.ru/subject/1/" "Mozilla/5.0 (Windows NT 10.0; Win64; x64) AppleWebKit/537.36 (KHTML, like Gecko) Chrome/136.0.0.0 Safari/537.36"
94.142.138.250 - - [14/May/2025:19:38:17 +0000] "POST /logout/ HTTP/1.1" 302 0 "https://yumlschool.ru/practical_work/2/" "Mozilla/5.0 (Windows NT 10.0; Win64; x64) AppleWebKit/537.36 (KHTML, like Gecko) Chrome/136.0.0.0 Safari/537.36"
94.142.138.250 - - [14/May/2025:19:38:17 +0000] "GET / HTTP/1.1" 200 2287 "https://yumlschool.ru/practical_work/2/" "Mozilla/5.0 (Windows NT 10.0; Win64; x64) AppleWebKit/537.36 (KHTML, like Gecko) Chrome/136.0.0.0 Safari/537.36"
94.142.138.250 - - [14/May/2025:19:38:18 +0000] "GET /favicon.ico HTTP/1.1" 404 8201 "https://yumlschool.ru/" "Mozilla/5.0 (Windows NT 10.0; Win64; x64) AppleWebKit/537.36 (KHTML, like Gecko) Chrome/136.0.0.0 Safari/537.36"
94.142.138.250 - - [14/May/2025:19:38:18 +0000] "GET /favicon.ico HTTP/1.1" 404 8201 "-" "WinHTTP Example/1.0"
192.168.80.1 - - [14/May/2025:19:38:22 +0000] "GET /api/Users HTTP/1.1" 200 802 "-" "python-requests/2.32.3"
94.142.138.250 - - [14/May/2025:19:38:23 +0000] "POST / HTTP/1.1" 302 0 "https://yumlschool.ru/" "Mozilla/5.0 (Windows NT 10.0; Win64; x64) AppleWebKit/537.36 (KHTML, like Gecko) Chrome/136.0.0.0 Safari/537.36"
192.168.80.1 - - [14/May/2025:19:38:23 +0000] "GET /api/Subjects HTTP/1.1" 200 104 "-" "python-requests/2.32.3"
192.168.80.1 - - [14/May/2025:19:38:23 +0000] "GET /api/Groups HTTP/1.1" 200 334 "-" "python-requests/2.32.3"
192.168.80.1 - - [14/May/2025:19:38:23 +0000] "GET /api/Users HTTP/1.1" 200 802 "-" "python-requests/2.32.3"
94.142.138.250 - - [14/May/2025:19:38:23 +0000] "GET /subjects/ HTTP/1.1" 200 11334 "https://yumlschool.ru/" "Mozilla/5.0 (Windows NT 10.0; Win64; x64) AppleWebKit/537.36 (KHTML, like Gecko) Chrome/136.0.0.0 Safari/537.36"
192.168.80.1 - - [14/May/2025:19:38:24 +0000] "GET /api/Subjects/1 HTTP/1.1" 200 102 "-" "python-requests/2.32.3"
192.168.80.1 - - [14/May/2025:19:38:24 +0000] "GET /api/Groups/3 HTTP/1.1" 200 49 "-" "python-requests/2.32.3"
192.168.80.1 - - [14/May/2025:19:38:24 +0000] "GET /api/Users HTTP/1.1" 200 802 "-" "python-requests/2.32.3"
192.168.80.1 - - [14/May/2025:19:38:24 +0000] "GET /api/LectionMaterials HTTP/1.1" 200 12 "-" "python-requests/2.32.3"
192.168.80.1 - - [14/May/2025:19:38:24 +0000] "GET /api/PracticalWorks HTTP/1.1" 200 809 "-" "python-requests/2.32.3"
192.168.80.1 - - [14/May/2025:19:38:24 +0000] "GET /api/Tests HTTP/1.1" 200 171 "-" "python-requests/2.32.3"
192.168.80.1 - - [14/May/2025:19:38:24 +0000] "GET /api/Users/2 HTTP/1.1" 200 287 "-" "python-requests/2.32.3"
94.142.138.250 - - [14/May/2025:19:38:24 +0000] "GET /subject/1/ HTTP/1.1" 200 11125 "https://yumlschool.ru/subjects/" "Mozilla/5.0 (Windows NT 10.0; Win64; x64) AppleWebKit/537.36 (KHTML, like Gecko) Chrome/136.0.0.0 Safari/537.36"
77.110.105.199 - - [14/May/2025:19:38:24 +0000] "GET / HTTP/1.1" 200 2287 "-" "python-requests/2.32.3"
77.110.105.199 - - [14/May/2025:19:38:24 +0000] "GET /api/users HTTP/1.1" 200 802 "-" "python-requests/2.32.3"
192.168.80.1 - - [14/May/2025:19:38:25 +0000] "GET /api/PracticalWorks/2 HTTP/1.1" 200 406 "-" "python-requests/2.32.3"
192.168.80.1 - - [14/May/2025:19:38:26 +0000] "GET /api/Subjects/1 HTTP/1.1" 200 102 "-" "python-requests/2.32.3"
192.168.80.1 - - [14/May/2025:19:38:26 +0000] "GET /api/CompletedWorks HTTP/1.1" 200 1471 "-" "python-requests/2.32.3"
192.168.80.1 - - [14/May/2025:19:38:26 +0000] "GET /api/Users HTTP/1.1" 200 802 "-" "python-requests/2.32.3"
94.142.138.250 - - [14/May/2025:19:38:26 +0000] "GET /practical_work/2/ HTTP/1.1" 200 27425 "https://yumlschool.ru/subject/1/" "Mozilla/5.0 (Windows NT 10.0; Win64; x64) AppleWebKit/537.36 (KHTML, like Gecko) Chrome/136.0.0.0 Safari/537.36"
192.168.80.1 - - [14/May/2025:19:38:29 +0000] "GET /api/Users/3 HTTP/1.1" 200 264 "-" "python-requests/2.32.3"
192.168.80.1 - - [14/May/2025:19:38:29 +0000] "GET /api/CompletedWorks HTTP/1.1" 200 1471 "-" "python-requests/2.32.3"
192.168.80.1 - - [14/May/2025:19:38:30 +0000] "GET /api/Status HTTP/1.1" 200 94 "-" "python-requests/2.32.3"
192.168.80.1 - - [14/May/2025:19:38:30 +0000] "PUT /api/CompletedWorks/4 HTTP/1.1" 204 0 "-" "python-requests/2.32.3"
94.142.138.250 - - [14/May/2025:19:38:30 +0000] "POST /practical_work/2/grade/3/ HTTP/1.1" 302 0 "https://yumlschool.ru/practical_work/2/" "Mozilla/5.0 (Windows NT 10.0; Win64; x64) AppleWebKit/537.36 (KHTML, like Gecko) Chrome/136.0.0.0 Safari/537.36"
192.168.80.1 - - [14/May/2025:19:38:30 +0000] "GET /api/PracticalWorks/2 HTTP/1.1" 200 406 "-" "python-requests/2.32.3"
192.168.80.1 - - [14/May/2025:19:38:30 +0000] "GET /api/Subjects/1 HTTP/1.1" 200 102 "-" "python-requests/2.32.3"
192.168.80.1 - - [14/May/2025:19:38:30 +0000] "GET /api/CompletedWorks HTTP/1.1" 200 1451 "-" "python-requests/2.32.3"
192.168.80.1 - - [14/May/2025:19:38:30 +0000] "GET /api/Users HTTP/1.1" 200 802 "-" "python-requests/2.32.3"
94.142.138.250 - - [14/May/2025:19:38:30 +0000] "GET /practical_work/2/ HTTP/1.1" 200 27740 "https://yumlschool.ru/practical_work/2/" "Mozilla/5.0 (Windows NT 10.0; Win64; x64) AppleWebKit/537.36 (KHTML, like Gecko) Chrome/136.0.0.0 Safari/537.36"
192.168.80.1 - - [14/May/2025:19:38:32 +0000] "GET /api/PracticalWorks/2 HTTP/1.1" 200 406 "-" "python-requests/2.32.3"
154.81.156.54 - - [14/May/2025:19:38:32 +0000] "GET / HTTP/1.1" 301 169 "-" "curl/7.81.0"
192.168.80.1 - - [14/May/2025:19:38:32 +0000] "GET /api/Subjects/1 HTTP/1.1" 200 102 "-" "python-requests/2.32.3"
192.168.80.1 - - [14/May/2025:19:38:32 +0000] "GET /api/Groups/3 HTTP/1.1" 200 49 "-" "python-requests/2.32.3"
192.168.80.1 - - [14/May/2025:19:38:32 +0000] "GET /api/PracticalWorks/2/completed HTTP/1.1" 200 773 "-" "python-requests/2.32.3"
192.168.80.1 - - [14/May/2025:19:38:32 +0000] "GET /api/Users/3 HTTP/1.1" 200 264 "-" "python-requests/2.32.3"
192.168.80.1 - - [14/May/2025:19:38:32 +0000] "GET /api/Users/2 HTTP/1.1" 200 287 "-" "python-requests/2.32.3"
94.142.138.250 - - [14/May/2025:19:38:32 +0000] "GET /practical-work/2/export-performance/ HTTP/1.1" 200 2013 "https://yumlschool.ru/practical_work/2/" "Mozilla/5.0 (Windows NT 10.0; Win64; x64) AppleWebKit/537.36 (KHTML, like Gecko) Chrome/136.0.0.0 Safari/537.36"
77.110.105.199 - - [14/May/2025:19:39:24 +0000] "GET / HTTP/1.1" 200 2287 "-" "python-requests/2.32.3"
77.110.105.199 - - [14/May/2025:19:39:24 +0000] "GET /api/users HTTP/1.1" 200 802 "-" "python-requests/2.32.3"
77.110.105.199 - - [14/May/2025:19:40:24 +0000] "GET / HTTP/1.1" 200 2287 "-" "python-requests/2.32.3"
77.110.105.199 - - [14/May/2025:19:40:24 +0000] "GET /api/users HTTP/1.1" 200 802 "-" "python-requests/2.32.3"
77.110.105.199 - - [14/May/2025:19:41:24 +0000] "GET / HTTP/1.1" 200 2287 "-" "python-requests/2.32.3"
77.110.105.199 - - [14/May/2025:19:41:24 +0000] "GET /api/users HTTP/1.1" 200 802 "-" "python-requests/2.32.3"
77.110.105.199 - - [14/May/2025:19:42:24 +0000] "GET / HTTP/1.1" 200 2287 "-" "python-requests/2.32.3"
77.110.105.199 - - [14/May/2025:19:42:24 +0000] "GET /api/users HTTP/1.1" 200 802 "-" "python-requests/2.32.3"
77.110.105.199 - - [14/May/2025:19:43:24 +0000] "GET / HTTP/1.1" 200 2287 "-" "python-requests/2.32.3"
77.110.105.199 - - [14/May/2025:19:43:24 +0000] "GET /api/users HTTP/1.1" 200 802 "-" "python-requests/2.32.3"
77.110.105.199 - - [14/May/2025:19:44:24 +0000] "GET / HTTP/1.1" 200 2287 "-" "python-requests/2.32.3"
77.110.105.199 - - [14/May/2025:19:44:24 +0000] "GET /api/users HTTP/1.1" 200 802 "-" "python-requests/2.32.3"
77.110.105.199 - - [14/May/2025:19:45:24 +0000] "GET / HTTP/1.1" 200 2287 "-" "python-requests/2.32.3"
77.110.105.199 - - [14/May/2025:19:45:24 +0000] "GET /api/users HTTP/1.1" 200 802 "-" "python-requests/2.32.3"
80.82.77.202 - - [14/May/2025:19:45:29 +0000] "GET / HTTP/1.0" 301 169 "-" "Mozilla/5.0 (iPhone; CPU iPhone OS 12_2 like Mac OS X) AppleWebKit/605.1.15 (KHTML, like Gecko) CriOS/76.0.3809.81 Mobile/15E148 Safari/605.1"
